["В таблице отсутствуют объекты после отфильтровки некорректно заполненных"]