{"warns":[],"directivesMap":{"#CARD_LINK":[],"#FILTER_SELECT":["val1","val2","val3","val6"],"#FILTER_SLIDER":["val1","val4","val5","val6"],"#COORDINATES":["coords"],"#FOOTER_LEGEND":[],"#SEARCH":[],"#CARD_PREVIEW":[],"#COLOR":[],"#CARD_TEXT":[],"#FOOTER_SLIDER":["val2","val4","val6"],"#FILTER_RANGE":["val3","val5","val6"],"#NAME":[],"#CARD_INFO":[]},"geojson":{"type":"FeatureCollection","features":[{"type":"Feature","geometry":{"type":"Point","coordinates":[0.0,0.0]},"properties":{"val1":"0","val2":"0","val3":"0","val4":"0","val5":"0","val6":"0"}},{"type":"Feature","geometry":{"type":"Point","coordinates":[0.0,0.0]},"properties":{"val1":"0","val2":"0","val3":"0","val4":"0","val5":"0","val6":"0"}}]}}