{"warns":["Строка №2: координаты отсутствуют или заданы некорректно (объект будет пропущен)","Строка №3: координаты отсутствуют или заданы некорректно (объект будет пропущен)","Строка №5: координаты отсутствуют или заданы некорректно (объект будет пропущен)","Строка №6: координаты отсутствуют или заданы некорректно (объект будет пропущен)","Строка №9: координаты отсутствуют или заданы некорректно (объект будет пропущен)","Строка №10: координаты отсутствуют или заданы некорректно (объект будет пропущен)","Строка №12: координаты отсутствуют или заданы некорректно (объект будет пропущен)","Строка №13: координаты отсутствуют или заданы некорректно (объект будет пропущен)","Строка №14: координаты отсутствуют или заданы некорректно (объект будет пропущен)","Строка №15: координаты отсутствуют или заданы некорректно (объект будет пропущен)"],"directivesMap":{"#CARD_LINK":[],"#FILTER_SELECT":[],"#FILTER_SLIDER":[],"#COORDINATES":["coords"],"#FOOTER_LEGEND":[],"#SEARCH":[],"#CARD_PREVIEW":[],"#COLOR":[],"#CARD_TEXT":[],"#FOOTER_SLIDER":[],"#FILTER_RANGE":[],"#NAME":[],"#CARD_INFO":[]},"geojson":{"type":"FeatureCollection","features":[{"type":"Feature","geometry":{"type":"Point","coordinates":[0.0,0.0]},"properties":{}},{"type":"Feature","geometry":{"type":"Point","coordinates":[0.0,0.0]},"properties":{}},{"type":"Feature","geometry":{"type":"Point","coordinates":[0.0123456789,0.00123456789]},"properties":{}},{"type":"Feature","geometry":{"type":"Polygon","coordinates":[[]]},"properties":{}}]}}