["Директива #CARD_LINK не должна использоваться в нескольких колонках","Директива #COLOR не должна использоваться в нескольких колонках","Директива #CARD_TEXT не должна использоваться в нескольких колонках","Директива #NAME не должна использоваться в нескольких колонках"]