{"warns":[],"directivesMap":{"#CARD_LINK":[],"#FILTER_SELECT":[],"#FILTER_SLIDER":["val2"],"#COORDINATES":["coords"],"#FOOTER_LEGEND":[],"#SEARCH":[],"#CARD_PREVIEW":[],"#COLOR":[],"#CARD_TEXT":[],"#FOOTER_SLIDER":["val3"],"#FILTER_RANGE":["val1"],"#NAME":[],"#CARD_INFO":[]},"geojson":{"type":"FeatureCollection","features":[{"type":"Feature","geometry":{"type":"Point","coordinates":[0.0,0.0]},"properties":{"val1":"0","val2":"0","val3":"0"}},{"type":"Feature","geometry":{"type":"Point","coordinates":[0.0,0.0]},"properties":{"val1":"1","val2":"1","val3":"1"}},{"type":"Feature","geometry":{"type":"Point","coordinates":[0.0,0.0]},"properties":{"val1":"2","val2":"2","val3":"2"}},{"type":"Feature","geometry":{"type":"Point","coordinates":[0.0,0.0]},"properties":{"val1":"03.03.2013","val2":"03.03.2013","val3":"03.03.2013"}},{"type":"Feature","geometry":{"type":"Point","coordinates":[0.0,0.0]},"properties":{"val1":"4","val2":"4","val3":"4"}}]}}