["Имя колонки «abc» повторяется (имена должны быть уникальными)"]