["Имя колонки «name» повторяется (имена должны быть уникальными)"]