["Слишком много объектов в таблице (3000), максимально разрешенное — 2048"]