{"warnings":[],"directives":{"#CARD_LINK":[],"#FILTER_SELECT":[],"#FILTER_SLIDER":[],"#COORDINATES":["coords"],"#FOOTER_LEGEND":[],"#SEARCH":[],"#CARD_PREVIEW":[],"#COLOR":[],"#CARD_TEXT":[],"#FOOTER_SLIDER":[],"#FILTER_RANGE":[],"#NAME":[],"#CARD_INFO":[]},"geojson":{"type":"FeatureCollection","features":[{"type":"Feature","geometry":{"type":"Point","coordinates":[0.0,0.0]},"properties":{}},{"type":"Feature","geometry":{"type":"Point","coordinates":[0.0,0.0]},"properties":{}},{"type":"Feature","geometry":{"type":"Point","coordinates":[0.0,0.0]},"properties":{}},{"type":"Feature","geometry":{"type":"Point","coordinates":[0.0,0.0]},"properties":{}},{"type":"Feature","geometry":{"type":"Point","coordinates":[0.0,0.0]},"properties":{}},{"type":"Feature","geometry":{"type":"Point","coordinates":[0.0,0.0]},"properties":{}},{"type":"Feature","geometry":{"type":"Point","coordinates":[0.0,0.0]},"properties":{}},{"type":"Feature","geometry":{"type":"Point","coordinates":[0.0,0.0]},"properties":{}},{"type":"Feature","geometry":{"type":"Point","coordinates":[0.0,0.0]},"properties":{}}]}}